// Jest Snapshot v1, https://goo.gl/fbAQLP

exports[`Button Basic functionality should render 1`] = `
ShallowWrapper {
  Symbol(enzyme.__root__): [Circular],
  Symbol(enzyme.__unrendered__): <ForwardRef />,
  Symbol(enzyme.__renderer__): Object {
    "batchedUpdates": [Function],
    "getNode": [Function],
    "render": [Function],
    "simulateError": [Function],
    "simulateEvent": [Function],
    "unmount": [Function],
  },
  Symbol(enzyme.__node__): Object {
    "instance": null,
    "key": undefined,
    "nodeType": "class",
    "props": Object {
      "forwardedComponent": Object {
        "$$typeof": Symbol(react.forward_ref),
        "attrs": Array [],
        "componentStyle": ComponentStyle {
          "componentId": "sc-bdVaJa",
          "isStatic": false,
          "rules": Array [
            "
  &.ripple {
    background-position: center;
    transition: background 0.8s;
  }

  &.ripple:focus {
    outline: none;
  }

  &.ripple:active {
    background-color: ",
            [Function],
            ";
    background-size: 100%;
    transition: background 0s;
  }

  background: ",
            [Function],
            ";
  opacity: 1;
  border-radius: 7px;
  padding: 0.5rem 3rem;
  font-weight: bold;
  font-size: 17px;
  margin: 0 5rem;
",
          ],
        },
        "displayName": "styled.button",
        "foldedComponentIds": Array [],
        "render": [Function],
        "styledComponentId": "sc-bdVaJa",
        "target": "button",
        "toString": [Function],
        "warnTooManyClasses": [Function],
        "withComponent": [Function],
      },
      "forwardedRef": null,
    },
    "ref": null,
    "rendered": null,
    "type": [Function],
  },
  Symbol(enzyme.__nodes__): Array [
    Object {
      "instance": null,
      "key": undefined,
      "nodeType": "class",
      "props": Object {
        "forwardedComponent": Object {
          "$$typeof": Symbol(react.forward_ref),
          "attrs": Array [],
          "componentStyle": ComponentStyle {
            "componentId": "sc-bdVaJa",
            "isStatic": false,
            "rules": Array [
              "
  &.ripple {
    background-position: center;
    transition: background 0.8s;
  }

  &.ripple:focus {
    outline: none;
  }

  &.ripple:active {
    background-color: ",
              [Function],
              ";
    background-size: 100%;
    transition: background 0s;
  }

  background: ",
              [Function],
              ";
  opacity: 1;
  border-radius: 7px;
  padding: 0.5rem 3rem;
  font-weight: bold;
  font-size: 17px;
  margin: 0 5rem;
",
            ],
          },
          "displayName": "styled.button",
          "foldedComponentIds": Array [],
          "render": [Function],
          "styledComponentId": "sc-bdVaJa",
          "target": "button",
          "toString": [Function],
          "warnTooManyClasses": [Function],
          "withComponent": [Function],
        },
        "forwardedRef": null,
      },
      "ref": null,
      "rendered": null,
      "type": [Function],
    },
  ],
  Symbol(enzyme.__options__): Object {
    "adapter": ReactSixteenAdapter {
      "options": Object {
        "enableComponentDidUpdateOnSetState": true,
        "lifecycles": Object {
          "componentDidUpdate": Object {
            "onSetState": true,
          },
          "getDerivedStateFromProps": true,
          "getSnapshotBeforeUpdate": true,
          "setState": Object {
            "skipsComponentDidUpdateOnNullish": true,
          },
        },
      },
    },
  },
}
`;
